// Jest Snapshot v1, https://goo.gl/fbAQLP

exports[`<Loader /> Loader renders correctly 1`] = `
<View
  safeAreaBottom={0}
  style={
    {
      "alignItems": "center",
      "backgroundColor": "#1F2025",
      "flexBasis": 0,
      "flexGrow": 1,
      "flexShrink": 1,
      "justifyContent": "center",
      "paddingBottom": 0,
    }
  }
>
  <Image
    cachePolicy="memory-disk"
    contentFit="contain"
    source={
      {
        "uri": "/images/druid.gif",
      }
    }
    style={
      {
        "height": 700,
        "width": 700,
      }
    }
  />
</View>
`;
