// Jest Snapshot v1, https://goo.gl/fbAQLP

exports[`<RestorePasswordForm /> RestorePasswordForm renders correctly 1`] = `
[
  <View
    style={
      {
        "marginTop": 40,
        "width": "100%",
      }
    }
  >
    <Text
      style={
        {
          "color": "#FFFFFF",
          "fontFamily": "Poppins-Regular",
          "fontSize": 13,
          "fontWeight": "400",
          "marginBottom": 10,
          "textAlign": "center",
        }
      }
    >
      MOCKED_STRING:login:restorePassword
    </Text>
    <View
      style={
        {
          "marginBottom": 20,
        }
      }
    >
      <View
        showError={false}
        style={
          {
            "alignItems": "center",
            "backgroundColor": "#15161A",
            "borderBottomLeftRadius": 8,
            "borderBottomRightRadius": 8,
            "borderColor": "#85899599",
            "borderTopLeftRadius": 8,
            "borderTopRightRadius": 8,
            "borderWidth": 0.5,
            "flexDirection": "row",
            "paddingHorizontal": 10,
            "paddingVertical": 10,
          }
        }
      >
        <Text
          allowFontScaling={false}
          isError={false}
          selectable={false}
          style={
            [
              {
                "color": undefined,
                "fontSize": 12,
              },
              {
                "color": "#858995",
                "fontSize": 20,
                "marginRight": 10,
              },
              {
                "fontFamily": undefined,
                "fontStyle": "normal",
                "fontWeight": "normal",
              },
              {
                "fontWeight": "400",
              },
            ]
          }
        >
          
        </Text>
        <TextInput
          autoCapitalize="none"
          autoCorrect={false}
          keyboardType="email-address"
          onChangeText={[Function]}
          placeholder="MOCKED_STRING:common:email"
          placeholderTextColor="#858995"
          style={
            {
              "color": "#FFFFFF",
              "flexBasis": 0,
              "flexGrow": 1,
              "flexShrink": 1,
              "fontFamily": "Poppins-Regular",
              "fontSize": 14,
              "height": 32,
              "paddingBottom": 0,
              "paddingLeft": 0,
              "paddingRight": 0,
              "paddingTop": 0,
            }
          }
          textContentType="emailAddress"
          underlineColorAndroid="transparent"
          value=""
        />
      </View>
    </View>
    <View
      accessibilityState={
        {
          "busy": undefined,
          "checked": undefined,
          "disabled": true,
          "expanded": undefined,
          "selected": undefined,
        }
      }
      accessibilityValue={
        {
          "max": undefined,
          "min": undefined,
          "now": undefined,
          "text": undefined,
        }
      }
      accessible={true}
      collapsable={false}
      focusable={false}
      onClick={[Function]}
      onResponderGrant={[Function]}
      onResponderMove={[Function]}
      onResponderRelease={[Function]}
      onResponderTerminate={[Function]}
      onResponderTerminationRequest={[Function]}
      onStartShouldSetResponder={[Function]}
      style={
        {
          "alignItems": "center",
          "backgroundColor": "#6B6E79",
          "borderBottomLeftRadius": 25,
          "borderBottomRightRadius": 25,
          "borderTopLeftRadius": 25,
          "borderTopRightRadius": 25,
          "height": 50,
          "justifyContent": "center",
          "marginBottom": 15,
          "opacity": 1,
          "overflow": "hidden",
        }
      }
    >
      <View
        style={
          {
            "alignItems": "center",
            "flexBasis": 0,
            "flexDirection": "row",
            "flexGrow": 1,
            "flexShrink": 1,
            "justifyContent": "center",
          }
        }
      >
        <Text
          style={
            {
              "color": "#FFFFFF",
              "fontFamily": "Poppins-Bold",
              "fontSize": 13,
              "marginRight": 5,
            }
          }
        >
          MOCKED_STRING:login:please_wait
        </Text>
        <ActivityIndicator
          color="#fff"
          size="small"
          style={
            {
              "alignSelf": "center",
            }
          }
        />
      </View>
    </View>
  </View>,
  <View
    style={
      {
        "marginTop": 40,
        "width": "100%",
      }
    }
  >
    <Text
      style={
        {
          "color": "#FFFFFF",
          "fontFamily": "Poppins-Regular",
          "fontSize": 13,
          "fontWeight": "400",
          "marginBottom": 10,
          "textAlign": "center",
        }
      }
    >
      MOCKED_STRING:login:restorePassword
    </Text>
    <View
      style={
        {
          "marginBottom": 20,
        }
      }
    >
      <View
        showError={false}
        style={
          {
            "alignItems": "center",
            "backgroundColor": "#15161A",
            "borderBottomLeftRadius": 8,
            "borderBottomRightRadius": 8,
            "borderColor": "#85899599",
            "borderTopLeftRadius": 8,
            "borderTopRightRadius": 8,
            "borderWidth": 0.5,
            "flexDirection": "row",
            "paddingHorizontal": 10,
            "paddingVertical": 10,
          }
        }
      >
        <Text
          allowFontScaling={false}
          isError={false}
          selectable={false}
          style={
            [
              {
                "color": undefined,
                "fontSize": 12,
              },
              {
                "color": "#858995",
                "fontSize": 20,
                "marginRight": 10,
              },
              {
                "fontFamily": undefined,
                "fontStyle": "normal",
                "fontWeight": "normal",
              },
              {
                "fontWeight": "400",
              },
            ]
          }
        >
          
        </Text>
        <TextInput
          autoCapitalize="none"
          autoCorrect={false}
          keyboardType="email-address"
          onChangeText={[Function]}
          placeholder="MOCKED_STRING:common:email"
          placeholderTextColor="#858995"
          style={
            {
              "color": "#FFFFFF",
              "flexBasis": 0,
              "flexGrow": 1,
              "flexShrink": 1,
              "fontFamily": "Poppins-Regular",
              "fontSize": 14,
              "height": 32,
              "paddingBottom": 0,
              "paddingLeft": 0,
              "paddingRight": 0,
              "paddingTop": 0,
            }
          }
          textContentType="emailAddress"
          underlineColorAndroid="transparent"
          value=""
        />
      </View>
    </View>
    <View
      accessibilityState={
        {
          "busy": undefined,
          "checked": undefined,
          "disabled": false,
          "expanded": undefined,
          "selected": undefined,
        }
      }
      accessibilityValue={
        {
          "max": undefined,
          "min": undefined,
          "now": undefined,
          "text": undefined,
        }
      }
      accessible={true}
      collapsable={false}
      focusable={true}
      onClick={[Function]}
      onResponderGrant={[Function]}
      onResponderMove={[Function]}
      onResponderRelease={[Function]}
      onResponderTerminate={[Function]}
      onResponderTerminationRequest={[Function]}
      onStartShouldSetResponder={[Function]}
      style={
        {
          "alignItems": "center",
          "backgroundColor": "#6B6E79",
          "borderBottomLeftRadius": 25,
          "borderBottomRightRadius": 25,
          "borderTopLeftRadius": 25,
          "borderTopRightRadius": 25,
          "height": 50,
          "justifyContent": "center",
          "marginBottom": 15,
          "opacity": 1,
          "overflow": "hidden",
        }
      }
    >
      <Text
        style={
          {
            "color": "#FFFFFF",
            "fontFamily": "Poppins-Bold",
            "fontSize": 14,
            "textAlign": "center",
          }
        }
      >
        MOCKED_STRING:login:send
      </Text>
    </View>
  </View>,
  <View
    style={
      {
        "marginTop": 40,
        "width": "100%",
      }
    }
  >
    <Text
      style={
        {
          "color": "#FFFFFF",
          "fontFamily": "Poppins-Regular",
          "fontSize": 13,
          "fontWeight": "400",
          "marginBottom": 10,
          "textAlign": "center",
        }
      }
    >
      MOCKED_STRING:login:restorePassword
    </Text>
    <View
      style={
        {
          "marginBottom": 20,
        }
      }
    >
      <View
        showError={false}
        style={
          {
            "alignItems": "center",
            "backgroundColor": "#15161A",
            "borderBottomLeftRadius": 8,
            "borderBottomRightRadius": 8,
            "borderColor": "#85899599",
            "borderTopLeftRadius": 8,
            "borderTopRightRadius": 8,
            "borderWidth": 0.5,
            "flexDirection": "row",
            "paddingHorizontal": 10,
            "paddingVertical": 10,
          }
        }
      >
        <Text
          allowFontScaling={false}
          isError={false}
          selectable={false}
          style={
            [
              {
                "color": undefined,
                "fontSize": 12,
              },
              {
                "color": "#858995",
                "fontSize": 20,
                "marginRight": 10,
              },
              {
                "fontFamily": undefined,
                "fontStyle": "normal",
                "fontWeight": "normal",
              },
              {
                "fontWeight": "700",
              },
            ]
          }
        >
          
        </Text>
        <TextInput
          autoCapitalize="none"
          autoCorrect={false}
          onChangeText={[Function]}
          placeholder="MOCKED_STRING:login:newPassword"
          placeholderTextColor="#858995"
          secureTextEntry={true}
          style={
            {
              "color": "#FFFFFF",
              "flexBasis": 0,
              "flexGrow": 1,
              "flexShrink": 1,
              "fontFamily": "Poppins-Regular",
              "fontSize": 14,
              "height": 32,
              "paddingBottom": 0,
              "paddingLeft": 0,
              "paddingRight": 0,
              "paddingTop": 0,
            }
          }
          textContentType="password"
          underlineColorAndroid="transparent"
          value=""
        />
        <View
          accessibilityState={
            {
              "busy": undefined,
              "checked": undefined,
              "disabled": undefined,
              "expanded": undefined,
              "selected": undefined,
            }
          }
          accessibilityValue={
            {
              "max": undefined,
              "min": undefined,
              "now": undefined,
              "text": undefined,
            }
          }
          accessible={true}
          collapsable={false}
          focusable={true}
          onClick={[Function]}
          onResponderGrant={[Function]}
          onResponderMove={[Function]}
          onResponderRelease={[Function]}
          onResponderTerminate={[Function]}
          onResponderTerminationRequest={[Function]}
          onStartShouldSetResponder={[Function]}
          style={
            {
              "opacity": 1,
            }
          }
        >
          <Text
            allowFontScaling={false}
            isError={false}
            selectable={false}
            style={
              [
                {
                  "color": undefined,
                  "fontSize": 12,
                },
                {
                  "color": "#858995",
                  "fontSize": 20,
                  "marginRight": 10,
                },
                {
                  "fontFamily": undefined,
                  "fontStyle": "normal",
                  "fontWeight": "normal",
                },
                {
                  "fontWeight": "400",
                },
              ]
            }
          >
            
          </Text>
        </View>
      </View>
      <View
        showError={false}
        style={
          {
            "alignItems": "center",
            "backgroundColor": "#15161A",
            "borderBottomLeftRadius": 8,
            "borderBottomRightRadius": 8,
            "borderColor": "#85899599",
            "borderTopLeftRadius": 8,
            "borderTopRightRadius": 8,
            "borderWidth": 0.5,
            "flexDirection": "row",
            "paddingHorizontal": 10,
            "paddingVertical": 10,
          }
        }
      >
        <Text
          allowFontScaling={false}
          isError={false}
          selectable={false}
          style={
            [
              {
                "color": undefined,
                "fontSize": 12,
              },
              {
                "color": "#858995",
                "fontSize": 20,
                "marginRight": 10,
              },
              {
                "fontFamily": undefined,
                "fontStyle": "normal",
                "fontWeight": "normal",
              },
              {
                "fontWeight": "700",
              },
            ]
          }
        >
          
        </Text>
        <TextInput
          autoCapitalize="none"
          autoCorrect={false}
          onChangeText={[Function]}
          placeholder="MOCKED_STRING:login:confirmNewPassword"
          placeholderTextColor="#858995"
          secureTextEntry={true}
          style={
            {
              "color": "#FFFFFF",
              "flexBasis": 0,
              "flexGrow": 1,
              "flexShrink": 1,
              "fontFamily": "Poppins-Regular",
              "fontSize": 14,
              "height": 32,
              "paddingBottom": 0,
              "paddingLeft": 0,
              "paddingRight": 0,
              "paddingTop": 0,
            }
          }
          textContentType="password"
          underlineColorAndroid="transparent"
          value=""
        />
        <View
          accessibilityState={
            {
              "busy": undefined,
              "checked": undefined,
              "disabled": undefined,
              "expanded": undefined,
              "selected": undefined,
            }
          }
          accessibilityValue={
            {
              "max": undefined,
              "min": undefined,
              "now": undefined,
              "text": undefined,
            }
          }
          accessible={true}
          collapsable={false}
          focusable={true}
          onClick={[Function]}
          onResponderGrant={[Function]}
          onResponderMove={[Function]}
          onResponderRelease={[Function]}
          onResponderTerminate={[Function]}
          onResponderTerminationRequest={[Function]}
          onStartShouldSetResponder={[Function]}
          style={
            {
              "opacity": 1,
            }
          }
        >
          <Text
            allowFontScaling={false}
            isError={false}
            selectable={false}
            style={
              [
                {
                  "color": undefined,
                  "fontSize": 12,
                },
                {
                  "color": "#858995",
                  "fontSize": 20,
                  "marginRight": 10,
                },
                {
                  "fontFamily": undefined,
                  "fontStyle": "normal",
                  "fontWeight": "normal",
                },
                {
                  "fontWeight": "400",
                },
              ]
            }
          >
            
          </Text>
        </View>
      </View>
    </View>
    <View
      accessibilityState={
        {
          "busy": undefined,
          "checked": undefined,
          "disabled": false,
          "expanded": undefined,
          "selected": undefined,
        }
      }
      accessibilityValue={
        {
          "max": undefined,
          "min": undefined,
          "now": undefined,
          "text": undefined,
        }
      }
      accessible={true}
      collapsable={false}
      focusable={true}
      onClick={[Function]}
      onResponderGrant={[Function]}
      onResponderMove={[Function]}
      onResponderRelease={[Function]}
      onResponderTerminate={[Function]}
      onResponderTerminationRequest={[Function]}
      onStartShouldSetResponder={[Function]}
      style={
        {
          "alignItems": "center",
          "backgroundColor": "#6B6E79",
          "borderBottomLeftRadius": 25,
          "borderBottomRightRadius": 25,
          "borderTopLeftRadius": 25,
          "borderTopRightRadius": 25,
          "height": 50,
          "justifyContent": "center",
          "marginBottom": 15,
          "opacity": 1,
          "overflow": "hidden",
        }
      }
    >
      <Text
        style={
          {
            "color": "#FFFFFF",
            "fontFamily": "Poppins-Bold",
            "fontSize": 14,
            "textAlign": "center",
          }
        }
      >
        MOCKED_STRING:login:restore
      </Text>
    </View>
  </View>,
]
`;
