// Jest Snapshot v1, https://goo.gl/fbAQLP

exports[`<BirthdayInput /> BirthdayInput renders correctly 1`] = `
[
  <View
    accessibilityState={
      {
        "busy": undefined,
        "checked": undefined,
        "disabled": undefined,
        "expanded": undefined,
        "selected": undefined,
      }
    }
    accessibilityValue={
      {
        "max": undefined,
        "min": undefined,
        "now": undefined,
        "text": undefined,
      }
    }
    accessible={true}
    collapsable={false}
    focusable={true}
    onClick={[Function]}
    onResponderGrant={[Function]}
    onResponderMove={[Function]}
    onResponderRelease={[Function]}
    onResponderTerminate={[Function]}
    onResponderTerminationRequest={[Function]}
    onStartShouldSetResponder={[Function]}
    style={
      {
        "alignItems": "center",
        "backgroundColor": "#15161A",
        "borderBottomLeftRadius": 8,
        "borderBottomRightRadius": 8,
        "borderColor": "#85899599",
        "borderTopLeftRadius": 8,
        "borderTopRightRadius": 8,
        "borderWidth": 0.5,
        "flexDirection": "row",
        "opacity": 1,
        "paddingBottom": 15,
        "paddingLeft": 15,
        "paddingRight": 15,
        "paddingTop": 15,
        "width": "100%",
      }
    }
  >
    <Text
      style={
        {
          "color": "#FFFFFF",
          "flexBasis": 0,
          "flexGrow": 8,
          "flexShrink": 1,
          "fontFamily": "Poppins-Regular",
          "fontSize": 15,
          "marginLeft": 0,
          "paddingLeft": 0,
        }
      }
    >
      Oct 01, 2000
    </Text>
  </View>,
  <View
    accessibilityState={
      {
        "busy": undefined,
        "checked": undefined,
        "disabled": undefined,
        "expanded": undefined,
        "selected": undefined,
      }
    }
    accessibilityValue={
      {
        "max": undefined,
        "min": undefined,
        "now": undefined,
        "text": undefined,
      }
    }
    accessible={true}
    collapsable={false}
    focusable={true}
    onClick={[Function]}
    onResponderGrant={[Function]}
    onResponderMove={[Function]}
    onResponderRelease={[Function]}
    onResponderTerminate={[Function]}
    onResponderTerminationRequest={[Function]}
    onStartShouldSetResponder={[Function]}
    style={
      {
        "alignItems": "center",
        "backgroundColor": "#15161A",
        "borderBottomLeftRadius": 8,
        "borderBottomRightRadius": 8,
        "borderColor": "#85899599",
        "borderTopLeftRadius": 8,
        "borderTopRightRadius": 8,
        "borderWidth": 0.5,
        "flexDirection": "row",
        "opacity": 1,
        "paddingBottom": 15,
        "paddingLeft": 15,
        "paddingRight": 15,
        "paddingTop": 15,
        "width": "100%",
      }
    }
  >
    <Text
      style={
        {
          "color": "#FFFFFF",
          "flexBasis": 0,
          "flexGrow": 8,
          "flexShrink": 1,
          "fontFamily": "Poppins-Regular",
          "fontSize": 15,
          "marginLeft": 0,
          "paddingLeft": 0,
        }
      }
    >
      Oct 01, 2000
    </Text>
  </View>,
]
`;
