// Jest Snapshot v1, https://goo.gl/fbAQLP

exports[`<GenresBlock /> GenresBlock renders correctly 1`] = `
<View
  style={
    {
      "marginBottom": "auto",
      "paddingHorizontal": 21,
    }
  }
>
  <Text
    style={
      {
        "color": "#FFFFFF",
        "fontFamily": "Poppins-Bold",
        "fontSize": 20,
        "fontStyle": "normal",
        "marginBottom": 10,
        "marginTop": 40,
        "textAlign": "'left'",
      }
    }
  >
    MOCKED_STRING:profile:favoriteGenres
  </Text>
  <View
    style={{}}
  >
    <View
      style={
        {
          "alignItems": "center",
          "flexDirection": "row",
          "flexWrap": "wrap",
          "justifyContent": "space-between",
          "width": "100%",
        }
      }
    >
      <View
        accessibilityState={
          {
            "busy": undefined,
            "checked": undefined,
            "disabled": undefined,
            "expanded": undefined,
            "selected": undefined,
          }
        }
        accessibilityValue={
          {
            "max": undefined,
            "min": undefined,
            "now": undefined,
            "text": undefined,
          }
        }
        accessible={true}
        collapsable={false}
        focusable={true}
        onClick={[Function]}
        onResponderGrant={[Function]}
        onResponderMove={[Function]}
        onResponderRelease={[Function]}
        onResponderTerminate={[Function]}
        onResponderTerminationRequest={[Function]}
        onStartShouldSetResponder={[Function]}
        style={
          {
            "opacity": 1,
          }
        }
      >
        <View
          style={
            {
              "alignItems": "center",
              "backgroundColor": "#28292E",
              "borderBottomLeftRadius": 8,
              "borderBottomRightRadius": 8,
              "borderTopLeftRadius": 8,
              "borderTopRightRadius": 8,
              "height": 215.625,
              "justifyContent": "center",
              "marginBottom": 15,
              "width": 345,
            }
          }
        >
          <View
            style={
              {
                "alignItems": "center",
                "backgroundColor": "#28292e",
                "borderBottomLeftRadius": 8,
                "borderBottomRightRadius": 8,
                "borderColor": "#313236",
                "borderStyle": "solid",
                "borderTopLeftRadius": 8,
                "borderTopRightRadius": 8,
                "borderWidth": 1,
                "height": "100%",
                "justifyContent": "center",
                "width": "100%",
              }
            }
          >
            <Image
              itemHeight={35}
              itemWidth={30}
              source={1}
              style={
                {
                  "height": 35,
                  "marginBottom": 10,
                  "paddingBottom": 15,
                  "paddingLeft": 15,
                  "paddingRight": 15,
                  "paddingTop": 15,
                  "width": 30,
                }
              }
            />
            <Text
              style={
                {
                  "color": "#cfcfd0",
                  "fontFamily": "Poppins-Regular",
                  "fontSize": 14,
                  "fontWeight": "400",
                }
              }
            >
              Action
            </Text>
          </View>
        </View>
      </View>
      <View
        accessibilityState={
          {
            "busy": undefined,
            "checked": undefined,
            "disabled": undefined,
            "expanded": undefined,
            "selected": undefined,
          }
        }
        accessibilityValue={
          {
            "max": undefined,
            "min": undefined,
            "now": undefined,
            "text": undefined,
          }
        }
        accessible={true}
        collapsable={false}
        focusable={true}
        onClick={[Function]}
        onResponderGrant={[Function]}
        onResponderMove={[Function]}
        onResponderRelease={[Function]}
        onResponderTerminate={[Function]}
        onResponderTerminationRequest={[Function]}
        onStartShouldSetResponder={[Function]}
        style={
          {
            "opacity": 1,
          }
        }
      >
        <View
          style={
            {
              "alignItems": "center",
              "backgroundColor": "#28292E",
              "borderBottomLeftRadius": 8,
              "borderBottomRightRadius": 8,
              "borderTopLeftRadius": 8,
              "borderTopRightRadius": 8,
              "height": 215.625,
              "justifyContent": "center",
              "marginBottom": 15,
              "width": 345,
            }
          }
        >
          <View
            style={
              {
                "alignItems": "center",
                "backgroundColor": "#28292e",
                "borderBottomLeftRadius": 8,
                "borderBottomRightRadius": 8,
                "borderColor": "#313236",
                "borderStyle": "solid",
                "borderTopLeftRadius": 8,
                "borderTopRightRadius": 8,
                "borderWidth": 1,
                "height": "100%",
                "justifyContent": "center",
                "width": "100%",
              }
            }
          >
            <Image
              itemHeight={30}
              itemWidth={32}
              source={1}
              style={
                {
                  "height": 30,
                  "marginBottom": 10,
                  "paddingBottom": 15,
                  "paddingLeft": 15,
                  "paddingRight": 15,
                  "paddingTop": 15,
                  "width": 32,
                }
              }
            />
            <Text
              style={
                {
                  "color": "#cfcfd0",
                  "fontFamily": "Poppins-Regular",
                  "fontSize": 14,
                  "fontWeight": "400",
                }
              }
            >
              Adventure
            </Text>
          </View>
        </View>
      </View>
      <View
        accessibilityState={
          {
            "busy": undefined,
            "checked": undefined,
            "disabled": undefined,
            "expanded": undefined,
            "selected": undefined,
          }
        }
        accessibilityValue={
          {
            "max": undefined,
            "min": undefined,
            "now": undefined,
            "text": undefined,
          }
        }
        accessible={true}
        collapsable={false}
        focusable={true}
        onClick={[Function]}
        onResponderGrant={[Function]}
        onResponderMove={[Function]}
        onResponderRelease={[Function]}
        onResponderTerminate={[Function]}
        onResponderTerminationRequest={[Function]}
        onStartShouldSetResponder={[Function]}
        style={
          {
            "opacity": 1,
          }
        }
      >
        <View
          style={
            {
              "alignItems": "center",
              "backgroundColor": "#28292E",
              "borderBottomLeftRadius": 8,
              "borderBottomRightRadius": 8,
              "borderTopLeftRadius": 8,
              "borderTopRightRadius": 8,
              "height": 215.625,
              "justifyContent": "center",
              "marginBottom": 15,
              "width": 345,
            }
          }
        >
          <View
            style={
              {
                "alignItems": "center",
                "backgroundColor": "#28292e",
                "borderBottomLeftRadius": 8,
                "borderBottomRightRadius": 8,
                "borderColor": "#313236",
                "borderStyle": "solid",
                "borderTopLeftRadius": 8,
                "borderTopRightRadius": 8,
                "borderWidth": 1,
                "height": "100%",
                "justifyContent": "center",
                "width": "100%",
              }
            }
          >
            <Image
              itemHeight={30}
              itemWidth={29}
              source={1}
              style={
                {
                  "height": 30,
                  "marginBottom": 10,
                  "paddingBottom": 15,
                  "paddingLeft": 15,
                  "paddingRight": 15,
                  "paddingTop": 15,
                  "width": 29,
                }
              }
            />
            <Text
              style={
                {
                  "color": "#cfcfd0",
                  "fontFamily": "Poppins-Regular",
                  "fontSize": 14,
                  "fontWeight": "400",
                }
              }
            >
              Casual
            </Text>
          </View>
        </View>
      </View>
      <View
        accessibilityState={
          {
            "busy": undefined,
            "checked": undefined,
            "disabled": undefined,
            "expanded": undefined,
            "selected": undefined,
          }
        }
        accessibilityValue={
          {
            "max": undefined,
            "min": undefined,
            "now": undefined,
            "text": undefined,
          }
        }
        accessible={true}
        collapsable={false}
        focusable={true}
        onClick={[Function]}
        onResponderGrant={[Function]}
        onResponderMove={[Function]}
        onResponderRelease={[Function]}
        onResponderTerminate={[Function]}
        onResponderTerminationRequest={[Function]}
        onStartShouldSetResponder={[Function]}
        style={
          {
            "opacity": 1,
          }
        }
      >
        <View
          style={
            {
              "alignItems": "center",
              "backgroundColor": "#28292E",
              "borderBottomLeftRadius": 8,
              "borderBottomRightRadius": 8,
              "borderTopLeftRadius": 8,
              "borderTopRightRadius": 8,
              "height": 215.625,
              "justifyContent": "center",
              "marginBottom": 15,
              "width": 345,
            }
          }
        >
          <View
            style={
              {
                "alignItems": "center",
                "backgroundColor": "#28292e",
                "borderBottomLeftRadius": 8,
                "borderBottomRightRadius": 8,
                "borderColor": "#313236",
                "borderStyle": "solid",
                "borderTopLeftRadius": 8,
                "borderTopRightRadius": 8,
                "borderWidth": 1,
                "height": "100%",
                "justifyContent": "center",
                "width": "100%",
              }
            }
          >
            <Image
              itemHeight={31}
              itemWidth={10}
              source={1}
              style={
                {
                  "height": 31,
                  "marginBottom": 10,
                  "paddingBottom": 15,
                  "paddingLeft": 15,
                  "paddingRight": 15,
                  "paddingTop": 15,
                  "width": 10,
                }
              }
            />
            <Text
              style={
                {
                  "color": "#cfcfd0",
                  "fontFamily": "Poppins-Regular",
                  "fontSize": 14,
                  "fontWeight": "400",
                }
              }
            >
              Fighting
            </Text>
          </View>
        </View>
      </View>
      <View
        accessibilityState={
          {
            "busy": undefined,
            "checked": undefined,
            "disabled": undefined,
            "expanded": undefined,
            "selected": undefined,
          }
        }
        accessibilityValue={
          {
            "max": undefined,
            "min": undefined,
            "now": undefined,
            "text": undefined,
          }
        }
        accessible={true}
        collapsable={false}
        focusable={true}
        onClick={[Function]}
        onResponderGrant={[Function]}
        onResponderMove={[Function]}
        onResponderRelease={[Function]}
        onResponderTerminate={[Function]}
        onResponderTerminationRequest={[Function]}
        onStartShouldSetResponder={[Function]}
        style={
          {
            "opacity": 1,
          }
        }
      >
        <View
          style={
            {
              "alignItems": "center",
              "backgroundColor": "#28292E",
              "borderBottomLeftRadius": 8,
              "borderBottomRightRadius": 8,
              "borderTopLeftRadius": 8,
              "borderTopRightRadius": 8,
              "height": 215.625,
              "justifyContent": "center",
              "marginBottom": 15,
              "width": 345,
            }
          }
        >
          <View
            style={
              {
                "alignItems": "center",
                "backgroundColor": "#28292e",
                "borderBottomLeftRadius": 8,
                "borderBottomRightRadius": 8,
                "borderColor": "#313236",
                "borderStyle": "solid",
                "borderTopLeftRadius": 8,
                "borderTopRightRadius": 8,
                "borderWidth": 1,
                "height": "100%",
                "justifyContent": "center",
                "width": "100%",
              }
            }
          >
            <Image
              itemHeight={42}
              itemWidth={22}
              source={1}
              style={
                {
                  "height": 42,
                  "marginBottom": 10,
                  "paddingBottom": 15,
                  "paddingLeft": 15,
                  "paddingRight": 15,
                  "paddingTop": 15,
                  "width": 22,
                }
              }
            />
            <Text
              style={
                {
                  "color": "#cfcfd0",
                  "fontFamily": "Poppins-Regular",
                  "fontSize": 14,
                  "fontWeight": "400",
                }
              }
            >
              Music & Party
            </Text>
          </View>
        </View>
      </View>
      <View
        accessibilityState={
          {
            "busy": undefined,
            "checked": undefined,
            "disabled": undefined,
            "expanded": undefined,
            "selected": undefined,
          }
        }
        accessibilityValue={
          {
            "max": undefined,
            "min": undefined,
            "now": undefined,
            "text": undefined,
          }
        }
        accessible={true}
        collapsable={false}
        focusable={true}
        onClick={[Function]}
        onResponderGrant={[Function]}
        onResponderMove={[Function]}
        onResponderRelease={[Function]}
        onResponderTerminate={[Function]}
        onResponderTerminationRequest={[Function]}
        onStartShouldSetResponder={[Function]}
        style={
          {
            "opacity": 1,
          }
        }
      >
        <View
          style={
            {
              "alignItems": "center",
              "backgroundColor": "#28292E",
              "borderBottomLeftRadius": 8,
              "borderBottomRightRadius": 8,
              "borderTopLeftRadius": 8,
              "borderTopRightRadius": 8,
              "height": 215.625,
              "justifyContent": "center",
              "marginBottom": 15,
              "width": 345,
            }
          }
        >
          <ViewManagerAdapter_ExpoLinearGradient
            colors={
              [
                "#873FBB",
                "#C47AF5",
              ]
            }
            end={
              {
                "x": 1,
                "y": 0,
              }
            }
            start={
              {
                "x": 0,
                "y": 1,
              }
            }
            style={
              {
                "alignItems": "center",
                "borderBottomLeftRadius": 8,
                "borderBottomRightRadius": 8,
                "borderTopLeftRadius": 8,
                "borderTopRightRadius": 8,
                "height": "100%",
                "justifyContent": "center",
                "width": "100%",
              }
            }
          >
            <Image
              itemHeight={41}
              itemWidth={40}
              source={1}
              style={
                {
                  "height": 41,
                  "marginBottom": 10,
                  "paddingBottom": 15,
                  "paddingLeft": 15,
                  "paddingRight": 15,
                  "paddingTop": 15,
                  "width": 40,
                }
              }
            />
            <Text
              isSelected={true}
              style={
                {
                  "color": "#FFFFFF",
                  "fontFamily": "Poppins-Regular",
                  "fontSize": 14,
                  "fontWeight": "400",
                }
              }
            >
              RPG
            </Text>
          </ViewManagerAdapter_ExpoLinearGradient>
        </View>
      </View>
      <View
        accessibilityState={
          {
            "busy": undefined,
            "checked": undefined,
            "disabled": undefined,
            "expanded": undefined,
            "selected": undefined,
          }
        }
        accessibilityValue={
          {
            "max": undefined,
            "min": undefined,
            "now": undefined,
            "text": undefined,
          }
        }
        accessible={true}
        collapsable={false}
        focusable={true}
        onClick={[Function]}
        onResponderGrant={[Function]}
        onResponderMove={[Function]}
        onResponderRelease={[Function]}
        onResponderTerminate={[Function]}
        onResponderTerminationRequest={[Function]}
        onStartShouldSetResponder={[Function]}
        style={
          {
            "opacity": 1,
          }
        }
      >
        <View
          style={
            {
              "alignItems": "center",
              "backgroundColor": "#28292E",
              "borderBottomLeftRadius": 8,
              "borderBottomRightRadius": 8,
              "borderTopLeftRadius": 8,
              "borderTopRightRadius": 8,
              "height": 215.625,
              "justifyContent": "center",
              "marginBottom": 15,
              "width": 345,
            }
          }
        >
          <View
            style={
              {
                "alignItems": "center",
                "backgroundColor": "#28292e",
                "borderBottomLeftRadius": 8,
                "borderBottomRightRadius": 8,
                "borderColor": "#313236",
                "borderStyle": "solid",
                "borderTopLeftRadius": 8,
                "borderTopRightRadius": 8,
                "borderWidth": 1,
                "height": "100%",
                "justifyContent": "center",
                "width": "100%",
              }
            }
          >
            <Image
              itemHeight={30}
              itemWidth={30}
              source={1}
              style={
                {
                  "height": 30,
                  "marginBottom": 10,
                  "paddingBottom": 15,
                  "paddingLeft": 15,
                  "paddingRight": 15,
                  "paddingTop": 15,
                  "width": 30,
                }
              }
            />
            <Text
              style={
                {
                  "color": "#cfcfd0",
                  "fontFamily": "Poppins-Regular",
                  "fontSize": 14,
                  "fontWeight": "400",
                }
              }
            >
              Sports
            </Text>
          </View>
        </View>
      </View>
      <View
        accessibilityState={
          {
            "busy": undefined,
            "checked": undefined,
            "disabled": undefined,
            "expanded": undefined,
            "selected": undefined,
          }
        }
        accessibilityValue={
          {
            "max": undefined,
            "min": undefined,
            "now": undefined,
            "text": undefined,
          }
        }
        accessible={true}
        collapsable={false}
        focusable={true}
        onClick={[Function]}
        onResponderGrant={[Function]}
        onResponderMove={[Function]}
        onResponderRelease={[Function]}
        onResponderTerminate={[Function]}
        onResponderTerminationRequest={[Function]}
        onStartShouldSetResponder={[Function]}
        style={
          {
            "opacity": 1,
          }
        }
      >
        <View
          style={
            {
              "alignItems": "center",
              "backgroundColor": "#28292E",
              "borderBottomLeftRadius": 8,
              "borderBottomRightRadius": 8,
              "borderTopLeftRadius": 8,
              "borderTopRightRadius": 8,
              "height": 215.625,
              "justifyContent": "center",
              "marginBottom": 15,
              "width": 345,
            }
          }
        >
          <View
            style={
              {
                "alignItems": "center",
                "backgroundColor": "#28292e",
                "borderBottomLeftRadius": 8,
                "borderBottomRightRadius": 8,
                "borderColor": "#313236",
                "borderStyle": "solid",
                "borderTopLeftRadius": 8,
                "borderTopRightRadius": 8,
                "borderWidth": 1,
                "height": "100%",
                "justifyContent": "center",
                "width": "100%",
              }
            }
          >
            <Image
              itemHeight={38}
              itemWidth={40}
              source={1}
              style={
                {
                  "height": 38,
                  "marginBottom": 10,
                  "paddingBottom": 15,
                  "paddingLeft": 15,
                  "paddingRight": 15,
                  "paddingTop": 15,
                  "width": 40,
                }
              }
            />
            <Text
              style={
                {
                  "color": "#cfcfd0",
                  "fontFamily": "Poppins-Regular",
                  "fontSize": 14,
                  "fontWeight": "400",
                }
              }
            >
              Strategy
            </Text>
          </View>
        </View>
      </View>
    </View>
  </View>
</View>
`;
